C:/TouchGFXProjects/SpaceInvaders/Core/Src/stm32f4xx_hal_msp.c:64:6:HAL_MspInit	8	static
C:/TouchGFXProjects/SpaceInvaders/Core/Src/stm32f4xx_hal_msp.c:89:6:HAL_ADC_MspInit	40	static
C:/TouchGFXProjects/SpaceInvaders/Core/Src/stm32f4xx_hal_msp.c:123:6:HAL_ADC_MspDeInit	0	static
C:/TouchGFXProjects/SpaceInvaders/Core/Src/stm32f4xx_hal_msp.c:151:6:HAL_CRC_MspInit	8	static
C:/TouchGFXProjects/SpaceInvaders/Core/Src/stm32f4xx_hal_msp.c:174:6:HAL_CRC_MspDeInit	0	static
C:/TouchGFXProjects/SpaceInvaders/Core/Src/stm32f4xx_hal_msp.c:196:6:HAL_DMA2D_MspInit	16	static
C:/TouchGFXProjects/SpaceInvaders/Core/Src/stm32f4xx_hal_msp.c:222:6:HAL_DMA2D_MspDeInit	0	static
C:/TouchGFXProjects/SpaceInvaders/Core/Src/stm32f4xx_hal_msp.c:247:6:HAL_I2C_MspInit	64	static
C:/TouchGFXProjects/SpaceInvaders/Core/Src/stm32f4xx_hal_msp.c:296:6:HAL_I2C_MspDeInit	8	static
C:/TouchGFXProjects/SpaceInvaders/Core/Src/stm32f4xx_hal_msp.c:327:6:HAL_LTDC_MspInit	120	static
C:/TouchGFXProjects/SpaceInvaders/Core/Src/stm32f4xx_hal_msp.c:453:6:HAL_LTDC_MspDeInit	8	static
C:/TouchGFXProjects/SpaceInvaders/Core/Src/stm32f4xx_hal_msp.c:515:6:HAL_RNG_MspInit	8	static
C:/TouchGFXProjects/SpaceInvaders/Core/Src/stm32f4xx_hal_msp.c:538:6:HAL_RNG_MspDeInit	0	static
C:/TouchGFXProjects/SpaceInvaders/Core/Src/stm32f4xx_hal_msp.c:560:6:HAL_SPI_MspInit	40	static
C:/TouchGFXProjects/SpaceInvaders/Core/Src/stm32f4xx_hal_msp.c:598:6:HAL_SPI_MspDeInit	0	static
C:/TouchGFXProjects/SpaceInvaders/Core/Src/stm32f4xx_hal_msp.c:730:6:HAL_SDRAM_MspInit	48	static
C:/TouchGFXProjects/SpaceInvaders/Core/Src/stm32f4xx_hal_msp.c:816:6:HAL_SDRAM_MspDeInit	8	static
