../../Middlewares/ST/touchgfx/framework/include/touchgfx/Screen.hpp:104:18:virtual void touchgfx::Screen::afterTransition()	0	static
../../Middlewares/ST/touchgfx/framework/include/touchgfx/Screen.hpp:144:18:virtual void touchgfx::Screen::handleTickEvent()	0	static
../../Middlewares/ST/touchgfx/framework/include/touchgfx/Screen.hpp:154:18:virtual void touchgfx::Screen::handleKeyEvent(uint8_t)	0	static
C:/TouchGFXProjects/SpaceInvaders/TouchGFX/gui/src/endscreen_screen/EndScreenView.cpp:13:6:virtual void EndScreenView::tearDownScreen()	0	static
../../TouchGFX/gui/include/gui/endscreen_screen/EndScreenView.hpp:11:13:EndScreenView::~EndScreenView()	8	static
../../TouchGFX/gui/include/gui/endscreen_screen/EndScreenView.hpp:11:13:virtual EndScreenView::~EndScreenView()	8	static
C:/TouchGFXProjects/SpaceInvaders/TouchGFX/gui/src/endscreen_screen/EndScreenView.cpp:3:1:EndScreenView::EndScreenView()	8	static
C:/TouchGFXProjects/SpaceInvaders/TouchGFX/gui/src/endscreen_screen/EndScreenView.cpp:8:6:virtual void EndScreenView::setupScreen()	0	static
