../../Middlewares/ST/touchgfx/framework/include/touchgfx/Screen.hpp:104:18:virtual void touchgfx::Screen::afterTransition()	0	static
../../Middlewares/ST/touchgfx/framework/include/touchgfx/Screen.hpp:144:18:virtual void touchgfx::Screen::handleTickEvent()	0	static
../../Middlewares/ST/touchgfx/framework/include/touchgfx/Screen.hpp:154:18:virtual void touchgfx::Screen::handleKeyEvent(uint8_t)	0	static
C:/TouchGFXProjects/SpaceInvaders/TouchGFX/gui/src/gamescreen_screen/GameScreenView.cpp:12:6:virtual void GameScreenView::tearDownScreen()	0	static
../../TouchGFX/gui/include/gui/gamescreen_screen/GameScreenView.hpp:11:13:GameScreenView::~GameScreenView()	8	static
../../TouchGFX/gui/include/gui/gamescreen_screen/GameScreenView.hpp:11:13:virtual GameScreenView::~GameScreenView()	8	static
C:/TouchGFXProjects/SpaceInvaders/TouchGFX/gui/src/gamescreen_screen/GameScreenView.cpp:2:1:GameScreenView::GameScreenView()	8	static
C:/TouchGFXProjects/SpaceInvaders/TouchGFX/gui/src/gamescreen_screen/GameScreenView.cpp:7:6:virtual void GameScreenView::setupScreen()	0	static
C:/TouchGFXProjects/SpaceInvaders/TouchGFX/gui/src/gamescreen_screen/GameScreenView.cpp:21:6:void GameScreenView::updateADCValue(int)	8	static
C:/TouchGFXProjects/SpaceInvaders/TouchGFX/gui/src/gamescreen_screen/GameScreenView.cpp:17:6:void GameScreenView::updatePlayerPosition(int)	0	static
