../../TouchGFX/gui/include/gui/gamescreen_screen/GameScreenPresenter.hpp:30:13:GameScreenPresenter::~GameScreenPresenter()	0	static
C:/TouchGFXProjects/SpaceInvaders/TouchGFX/gui/src/gamescreen_screen/GameScreenPresenter.cpp:10:6:virtual void GameScreenPresenter::activate()	0	static
../../TouchGFX/gui/include/gui/gamescreen_screen/GameScreenPresenter.hpp:30:13:virtual GameScreenPresenter::~GameScreenPresenter()	8	static
C:/TouchGFXProjects/SpaceInvaders/TouchGFX/gui/src/gamescreen_screen/GameScreenPresenter.cpp:20:6:virtual void GameScreenPresenter::updatePlayerX(int)	0	static
C:/TouchGFXProjects/SpaceInvaders/TouchGFX/gui/src/gamescreen_screen/GameScreenPresenter.cpp:25:6:virtual void GameScreenPresenter::fireBullet()	0	static
../../TouchGFX/gui/include/gui/gamescreen_screen/GameScreenPresenter.hpp:30:13:virtual void* GameScreenPresenter::_ZThn4_N19GameScreenPresenterD1Ev()	0	static
C:/TouchGFXProjects/SpaceInvaders/TouchGFX/gui/src/gamescreen_screen/GameScreenPresenter.cpp:4:1:GameScreenPresenter::GameScreenPresenter(GameScreenView&)	0	static
